// Jest Snapshot v1, https://goo.gl/fbAQLP

exports[`Icon Icon should renders correctly 1`] = `
initialize {
  "0": Object {
    "attribs": Object {
      "class": "pan-icon pan-icon-check-circle pan-icon-md",
    },
    "children": Array [
      Object {
        "attribs": Object {
          "href": "#check-circle",
        },
        "children": Array [],
        "name": "use",
        "namespace": "http://www.w3.org/2000/svg",
        "next": null,
        "parent": [Circular],
        "prev": null,
        "type": "tag",
        "x-attribsNamespace": Object {
          "href": "http://www.w3.org/1999/xlink",
        },
        "x-attribsPrefix": Object {
          "href": "xlink",
        },
      },
    ],
    "name": "svg",
    "namespace": "http://www.w3.org/2000/svg",
    "next": null,
    "parent": null,
    "prev": null,
    "root": Object {
      "attribs": Object {},
      "children": Array [
        [Circular],
      ],
      "name": "root",
      "namespace": "http://www.w3.org/1999/xhtml",
      "next": null,
      "parent": null,
      "prev": null,
      "type": "root",
      "x-attribsNamespace": Object {},
      "x-attribsPrefix": Object {},
    },
    "type": "tag",
    "x-attribsNamespace": Object {
      "class": undefined,
    },
    "x-attribsPrefix": Object {
      "class": undefined,
    },
  },
  "_root": [Circular],
  "length": 1,
  "options": Object {
    "decodeEntities": true,
    "normalizeWhitespace": false,
    "withDomLvl1": true,
    "xml": false,
  },
}
`;

exports[`Icon renders correctly 1`] = `
initialize {
  "0": Object {
    "attribs": Object {
      "class": "pan-icon pan-icon-check-circle pan-icon-md",
    },
    "children": Array [
      Object {
        "attribs": Object {
          "href": "#check-circle",
        },
        "children": Array [],
        "name": "use",
        "namespace": "http://www.w3.org/2000/svg",
        "next": null,
        "parent": [Circular],
        "prev": null,
        "type": "tag",
        "x-attribsNamespace": Object {
          "href": "http://www.w3.org/1999/xlink",
        },
        "x-attribsPrefix": Object {
          "href": "xlink",
        },
      },
    ],
    "name": "svg",
    "namespace": "http://www.w3.org/2000/svg",
    "next": null,
    "parent": null,
    "prev": null,
    "root": Object {
      "attribs": Object {},
      "children": Array [
        [Circular],
      ],
      "name": "root",
      "namespace": "http://www.w3.org/1999/xhtml",
      "next": null,
      "parent": null,
      "prev": null,
      "type": "root",
      "x-attribsNamespace": Object {},
      "x-attribsPrefix": Object {},
    },
    "type": "tag",
    "x-attribsNamespace": Object {
      "class": undefined,
    },
    "x-attribsPrefix": Object {
      "class": undefined,
    },
  },
  "_root": [Circular],
  "length": 1,
  "options": Object {
    "decodeEntities": true,
    "normalizeWhitespace": false,
    "withDomLvl1": true,
    "xml": false,
  },
}
`;
