// Jest Snapshot v1, https://goo.gl/fbAQLP

exports[`NumberKeyboard and CellGroup NumberKeyboard renders correctly 1`] = `
initialize {
  "0": Object {
    "attribs": Object {
      "class": "undefined-item panda-hairline",
      "role": "button",
    },
    "children": Array [],
    "name": "span",
    "namespace": "http://www.w3.org/1999/xhtml",
    "next": null,
    "parent": null,
    "prev": null,
    "root": Object {
      "attribs": Object {},
      "children": Array [
        [Circular],
      ],
      "name": "root",
      "namespace": "http://www.w3.org/1999/xhtml",
      "next": null,
      "parent": null,
      "prev": null,
      "type": "root",
      "x-attribsNamespace": Object {},
      "x-attribsPrefix": Object {},
    },
    "type": "tag",
    "x-attribsNamespace": Object {
      "class": undefined,
      "role": undefined,
    },
    "x-attribsPrefix": Object {
      "class": undefined,
      "role": undefined,
    },
  },
  "_root": [Circular],
  "length": 1,
  "options": Object {
    "decodeEntities": true,
    "normalizeWhitespace": false,
    "withDomLvl1": true,
    "xml": false,
  },
}
`;

exports[`NumberKeyboard and CellGroup theme is custom renders correctly 1`] = `
initialize {
  "0": Object {
    "attribs": Object {
      "class": "undefined-item panda-hairline",
      "role": "button",
    },
    "children": Array [],
    "name": "span",
    "namespace": "http://www.w3.org/1999/xhtml",
    "next": null,
    "parent": null,
    "prev": null,
    "root": Object {
      "attribs": Object {},
      "children": Array [
        [Circular],
      ],
      "name": "root",
      "namespace": "http://www.w3.org/1999/xhtml",
      "next": null,
      "parent": null,
      "prev": null,
      "type": "root",
      "x-attribsNamespace": Object {},
      "x-attribsPrefix": Object {},
    },
    "type": "tag",
    "x-attribsNamespace": Object {
      "class": undefined,
      "role": undefined,
    },
    "x-attribsPrefix": Object {
      "class": undefined,
      "role": undefined,
    },
  },
  "_root": [Circular],
  "length": 1,
  "options": Object {
    "decodeEntities": true,
    "normalizeWhitespace": false,
    "withDomLvl1": true,
    "xml": false,
  },
}
`;
