// Jest Snapshot v1, https://goo.gl/fbAQLP

exports[`Dialog Dialog renders correctly 1`] = `
initialize {
  "0": Object {
    "attribs": Object {},
    "children": Array [
      Object {
        "attribs": Object {
          "class": "panda-dialog-mask panda-dialog-mask-hidden",
          "style": "z-index:10",
        },
        "children": Array [],
        "name": "div",
        "namespace": "http://www.w3.org/1999/xhtml",
        "next": Object {
          "attribs": Object {
            "aria-labelledby": "title",
            "class": "panda-dialog-wrap ",
            "role": "dialog",
            "style": "z-index:10",
          },
          "children": Array [
            Object {
              "attribs": Object {
                "class": "panda-dialog ",
                "role": "document",
              },
              "children": Array [
                Object {
                  "attribs": Object {
                    "class": "panda-dialog-content",
                  },
                  "children": Array [
                    Object {
                      "attribs": Object {
                        "class": "panda-dialog-header",
                      },
                      "children": Array [
                        Object {
                          "attribs": Object {
                            "class": "panda-dialog-title",
                          },
                          "children": Array [
                            Object {
                              "data": "title",
                              "next": null,
                              "parent": [Circular],
                              "prev": null,
                              "type": "text",
                            },
                          ],
                          "name": "div",
                          "namespace": "http://www.w3.org/1999/xhtml",
                          "next": null,
                          "parent": [Circular],
                          "prev": null,
                          "type": "tag",
                          "x-attribsNamespace": Object {
                            "class": undefined,
                          },
                          "x-attribsPrefix": Object {
                            "class": undefined,
                          },
                        },
                      ],
                      "name": "div",
                      "namespace": "http://www.w3.org/1999/xhtml",
                      "next": Object {
                        "attribs": Object {
                          "class": "panda-dialog-body",
                        },
                        "children": Array [],
                        "name": "div",
                        "namespace": "http://www.w3.org/1999/xhtml",
                        "next": null,
                        "parent": [Circular],
                        "prev": [Circular],
                        "type": "tag",
                        "x-attribsNamespace": Object {
                          "class": undefined,
                        },
                        "x-attribsPrefix": Object {
                          "class": undefined,
                        },
                      },
                      "parent": [Circular],
                      "prev": null,
                      "type": "tag",
                      "x-attribsNamespace": Object {
                        "class": undefined,
                      },
                      "x-attribsPrefix": Object {
                        "class": undefined,
                      },
                    },
                    Object {
                      "attribs": Object {
                        "class": "panda-dialog-body",
                      },
                      "children": Array [],
                      "name": "div",
                      "namespace": "http://www.w3.org/1999/xhtml",
                      "next": null,
                      "parent": [Circular],
                      "prev": Object {
                        "attribs": Object {
                          "class": "panda-dialog-header",
                        },
                        "children": Array [
                          Object {
                            "attribs": Object {
                              "class": "panda-dialog-title",
                            },
                            "children": Array [
                              Object {
                                "data": "title",
                                "next": null,
                                "parent": [Circular],
                                "prev": null,
                                "type": "text",
                              },
                            ],
                            "name": "div",
                            "namespace": "http://www.w3.org/1999/xhtml",
                            "next": null,
                            "parent": [Circular],
                            "prev": null,
                            "type": "tag",
                            "x-attribsNamespace": Object {
                              "class": undefined,
                            },
                            "x-attribsPrefix": Object {
                              "class": undefined,
                            },
                          },
                        ],
                        "name": "div",
                        "namespace": "http://www.w3.org/1999/xhtml",
                        "next": [Circular],
                        "parent": [Circular],
                        "prev": null,
                        "type": "tag",
                        "x-attribsNamespace": Object {
                          "class": undefined,
                        },
                        "x-attribsPrefix": Object {
                          "class": undefined,
                        },
                      },
                      "type": "tag",
                      "x-attribsNamespace": Object {
                        "class": undefined,
                      },
                      "x-attribsPrefix": Object {
                        "class": undefined,
                      },
                    },
                  ],
                  "name": "div",
                  "namespace": "http://www.w3.org/1999/xhtml",
                  "next": null,
                  "parent": [Circular],
                  "prev": null,
                  "type": "tag",
                  "x-attribsNamespace": Object {
                    "class": undefined,
                  },
                  "x-attribsPrefix": Object {
                    "class": undefined,
                  },
                },
              ],
              "name": "div",
              "namespace": "http://www.w3.org/1999/xhtml",
              "next": null,
              "parent": [Circular],
              "prev": null,
              "type": "tag",
              "x-attribsNamespace": Object {
                "class": undefined,
                "role": undefined,
              },
              "x-attribsPrefix": Object {
                "class": undefined,
                "role": undefined,
              },
            },
          ],
          "name": "div",
          "namespace": "http://www.w3.org/1999/xhtml",
          "next": null,
          "parent": [Circular],
          "prev": [Circular],
          "type": "tag",
          "x-attribsNamespace": Object {
            "aria-labelledby": undefined,
            "class": undefined,
            "role": undefined,
            "style": undefined,
          },
          "x-attribsPrefix": Object {
            "aria-labelledby": undefined,
            "class": undefined,
            "role": undefined,
            "style": undefined,
          },
        },
        "parent": [Circular],
        "prev": null,
        "type": "tag",
        "x-attribsNamespace": Object {
          "class": undefined,
          "style": undefined,
        },
        "x-attribsPrefix": Object {
          "class": undefined,
          "style": undefined,
        },
      },
      Object {
        "attribs": Object {
          "aria-labelledby": "title",
          "class": "panda-dialog-wrap ",
          "role": "dialog",
          "style": "z-index:10",
        },
        "children": Array [
          Object {
            "attribs": Object {
              "class": "panda-dialog ",
              "role": "document",
            },
            "children": Array [
              Object {
                "attribs": Object {
                  "class": "panda-dialog-content",
                },
                "children": Array [
                  Object {
                    "attribs": Object {
                      "class": "panda-dialog-header",
                    },
                    "children": Array [
                      Object {
                        "attribs": Object {
                          "class": "panda-dialog-title",
                        },
                        "children": Array [
                          Object {
                            "data": "title",
                            "next": null,
                            "parent": [Circular],
                            "prev": null,
                            "type": "text",
                          },
                        ],
                        "name": "div",
                        "namespace": "http://www.w3.org/1999/xhtml",
                        "next": null,
                        "parent": [Circular],
                        "prev": null,
                        "type": "tag",
                        "x-attribsNamespace": Object {
                          "class": undefined,
                        },
                        "x-attribsPrefix": Object {
                          "class": undefined,
                        },
                      },
                    ],
                    "name": "div",
                    "namespace": "http://www.w3.org/1999/xhtml",
                    "next": Object {
                      "attribs": Object {
                        "class": "panda-dialog-body",
                      },
                      "children": Array [],
                      "name": "div",
                      "namespace": "http://www.w3.org/1999/xhtml",
                      "next": null,
                      "parent": [Circular],
                      "prev": [Circular],
                      "type": "tag",
                      "x-attribsNamespace": Object {
                        "class": undefined,
                      },
                      "x-attribsPrefix": Object {
                        "class": undefined,
                      },
                    },
                    "parent": [Circular],
                    "prev": null,
                    "type": "tag",
                    "x-attribsNamespace": Object {
                      "class": undefined,
                    },
                    "x-attribsPrefix": Object {
                      "class": undefined,
                    },
                  },
                  Object {
                    "attribs": Object {
                      "class": "panda-dialog-body",
                    },
                    "children": Array [],
                    "name": "div",
                    "namespace": "http://www.w3.org/1999/xhtml",
                    "next": null,
                    "parent": [Circular],
                    "prev": Object {
                      "attribs": Object {
                        "class": "panda-dialog-header",
                      },
                      "children": Array [
                        Object {
                          "attribs": Object {
                            "class": "panda-dialog-title",
                          },
                          "children": Array [
                            Object {
                              "data": "title",
                              "next": null,
                              "parent": [Circular],
                              "prev": null,
                              "type": "text",
                            },
                          ],
                          "name": "div",
                          "namespace": "http://www.w3.org/1999/xhtml",
                          "next": null,
                          "parent": [Circular],
                          "prev": null,
                          "type": "tag",
                          "x-attribsNamespace": Object {
                            "class": undefined,
                          },
                          "x-attribsPrefix": Object {
                            "class": undefined,
                          },
                        },
                      ],
                      "name": "div",
                      "namespace": "http://www.w3.org/1999/xhtml",
                      "next": [Circular],
                      "parent": [Circular],
                      "prev": null,
                      "type": "tag",
                      "x-attribsNamespace": Object {
                        "class": undefined,
                      },
                      "x-attribsPrefix": Object {
                        "class": undefined,
                      },
                    },
                    "type": "tag",
                    "x-attribsNamespace": Object {
                      "class": undefined,
                    },
                    "x-attribsPrefix": Object {
                      "class": undefined,
                    },
                  },
                ],
                "name": "div",
                "namespace": "http://www.w3.org/1999/xhtml",
                "next": null,
                "parent": [Circular],
                "prev": null,
                "type": "tag",
                "x-attribsNamespace": Object {
                  "class": undefined,
                },
                "x-attribsPrefix": Object {
                  "class": undefined,
                },
              },
            ],
            "name": "div",
            "namespace": "http://www.w3.org/1999/xhtml",
            "next": null,
            "parent": [Circular],
            "prev": null,
            "type": "tag",
            "x-attribsNamespace": Object {
              "class": undefined,
              "role": undefined,
            },
            "x-attribsPrefix": Object {
              "class": undefined,
              "role": undefined,
            },
          },
        ],
        "name": "div",
        "namespace": "http://www.w3.org/1999/xhtml",
        "next": null,
        "parent": [Circular],
        "prev": Object {
          "attribs": Object {
            "class": "panda-dialog-mask panda-dialog-mask-hidden",
            "style": "z-index:10",
          },
          "children": Array [],
          "name": "div",
          "namespace": "http://www.w3.org/1999/xhtml",
          "next": [Circular],
          "parent": [Circular],
          "prev": null,
          "type": "tag",
          "x-attribsNamespace": Object {
            "class": undefined,
            "style": undefined,
          },
          "x-attribsPrefix": Object {
            "class": undefined,
            "style": undefined,
          },
        },
        "type": "tag",
        "x-attribsNamespace": Object {
          "aria-labelledby": undefined,
          "class": undefined,
          "role": undefined,
          "style": undefined,
        },
        "x-attribsPrefix": Object {
          "aria-labelledby": undefined,
          "class": undefined,
          "role": undefined,
          "style": undefined,
        },
      },
    ],
    "name": "div",
    "namespace": "http://www.w3.org/1999/xhtml",
    "next": null,
    "parent": null,
    "prev": null,
    "root": Object {
      "attribs": Object {},
      "children": Array [
        [Circular],
      ],
      "name": "root",
      "namespace": "http://www.w3.org/1999/xhtml",
      "next": null,
      "parent": null,
      "prev": null,
      "type": "root",
      "x-attribsNamespace": Object {},
      "x-attribsPrefix": Object {},
    },
    "type": "tag",
    "x-attribsNamespace": Object {},
    "x-attribsPrefix": Object {},
  },
  "_root": [Circular],
  "length": 1,
  "options": Object {
    "decodeEntities": true,
    "normalizeWhitespace": false,
    "withDomLvl1": true,
    "xml": false,
  },
}
`;
